// Jest Snapshot v1, https://goo.gl/fbAQLP

exports[`renders correctly 1`] = `
<View>
  <Modal
    animationType="slide"
    hardwareAccelerated={false}
    onRequestClose={[Function]}
    transparent={true}
    visible={false}
  />
  <View
    accessible={true}
    collapsable={false}
    focusable={true}
    onBlur={[Function]}
    onClick={[Function]}
    onFocus={[Function]}
    onResponderGrant={[Function]}
    onResponderMove={[Function]}
    onResponderRelease={[Function]}
    onResponderTerminate={[Function]}
    onResponderTerminationRequest={[Function]}
    onStartShouldSetResponder={[Function]}
  >
    <Text
      collapsable={false}
      numberOfLines={1}
      style={
        Object {
          "alignSelf": "flex-end",
          "backgroundColor": "#C0C0C0",
          "borderRadius": 20,
          "color": "#FFF",
          "fontFamily": "System",
          "fontSize": 14,
          "fontWeight": "bold",
          "height": 45,
          "lineHeight": 45,
          "margin": 5,
          "minWidth": 45,
          "opacity": 1,
          "overflow": "hidden",
          "paddingHorizontal": 4,
          "textAlign": "center",
          "textAlignVertical": "center",
          "width": 120,
        }
      }
    >
      FILTRER
    </Text>
  </View>
</View>
`;
